{
  "version": "1.5.0",
  "plugins_used": [
    {
      "name": "ArtifactoryDetector"
    },
    {
      "name": "AWSKeyDetector"
    },
    {
      "name": "AzureStorageKeyDetector"
    },
    {
      "name": "Base64HighEntropyString",
      "limit": 4.5
    },
    {
      "name": "BasicAuthDetector"
    },
    {
      "name": "CloudantDetector"
    },
    {
      "name": "DiscordBotTokenDetector"
    },
    {
      "name": "GitHubTokenDetector"
    },
    {
      "name": "GitLabTokenDetector"
    },
    {
      "name": "HexHighEntropyString",
      "limit": 3.0
    },
    {
      "name": "IbmCloudIamDetector"
    },
    {
      "name": "IbmCosHmacDetector"
    },
    {
      "name": "IPPublicDetector"
    },
    {
      "name": "JwtTokenDetector"
    },
    {
      "name": "KeywordDetector",
      "keyword_exclude": ""
    },
    {
      "name": "MailchimpDetector"
    },
    {
      "name": "NpmDetector"
    },
    {
      "name": "OpenAIDetector"
    },
    {
      "name": "PrivateKeyDetector"
    },
    {
      "name": "PypiTokenDetector"
    },
    {
      "name": "SendGridDetector"
    },
    {
      "name": "SlackDetector"
    },
    {
      "name": "SoftlayerDetector"
    },
    {
      "name": "SquareOAuthDetector"
    },
    {
      "name": "StripeDetector"
    },
    {
      "name": "TelegramBotTokenDetector"
    },
    {
      "name": "TwilioKeyDetector"
    }
  ],
  "filters_used": [
    {
      "path": "detect_secrets.filters.allowlist.is_line_allowlisted"
    },
    {
      "path": "detect_secrets.filters.common.is_baseline_file",
      "filename": ".secrets.baseline"
    },
    {
      "path": "detect_secrets.filters.common.is_ignored_due_to_verification_policies",
      "min_level": 2
    },
    {
      "path": "detect_secrets.filters.heuristic.is_indirect_reference"
    },
    {
      "path": "detect_secrets.filters.heuristic.is_likely_id_string"
    },
    {
      "path": "detect_secrets.filters.heuristic.is_lock_file"
    },
    {
      "path": "detect_secrets.filters.heuristic.is_not_alphanumeric_string"
    },
    {
      "path": "detect_secrets.filters.heuristic.is_potential_uuid"
    },
    {
      "path": "detect_secrets.filters.heuristic.is_prefixed_with_dollar_sign"
    },
    {
      "path": "detect_secrets.filters.heuristic.is_sequential_string"
    },
    {
      "path": "detect_secrets.filters.heuristic.is_swagger_file"
    },
    {
      "path": "detect_secrets.filters.heuristic.is_templated_secret"
    }
  ],
  "results": {
    "aidd_docs\\roster\\models.json": [
      {
        "type": "Hex High Entropy String",
        "filename": "aidd_docs\\roster\\models.json",
        "hashed_secret": "42aae2bc05d5ba124e5f211303d9b80933d3cb82",
        "is_verified": false,
        "line_number": 36
      },
      {
        "type": "Hex High Entropy String",
        "filename": "aidd_docs\\roster\\models.json",
        "hashed_secret": "2242131632d06dff7767685af6d3b3eb34cc68d1",
        "is_verified": false,
        "line_number": 110
      },
      {
        "type": "Hex High Entropy String",
        "filename": "aidd_docs\\roster\\models.json",
        "hashed_secret": "726e9ebf68354e7b11f964ae1ff4ad933f1098ec",
        "is_verified": false,
        "line_number": 114
      },
      {
        "type": "Hex High Entropy String",
        "filename": "aidd_docs\\roster\\models.json",
        "hashed_secret": "4939ce62b0dc55cc890ff5dfc23a68052030ca28",
        "is_verified": false,
        "line_number": 190
      },
      {
        "type": "Hex High Entropy String",
        "filename": "aidd_docs\\roster\\models.json",
        "hashed_secret": "3eac4904539241ce646fc267b168f67f9b60250b",
        "is_verified": false,
        "line_number": 194
      },
      {
        "type": "Hex High Entropy String",
        "filename": "aidd_docs\\roster\\models.json",
        "hashed_secret": "a52cdd373952dd317e7715edd00ca336e470eeb2",
        "is_verified": false,
        "line_number": 270
      },
      {
        "type": "Hex High Entropy String",
        "filename": "aidd_docs\\roster\\models.json",
        "hashed_secret": "bb14f789dffa70e25eb5ba5890913656dd1abb9a",
        "is_verified": false,
        "line_number": 274
      },
      {
        "type": "Hex High Entropy String",
        "filename": "aidd_docs\\roster\\models.json",
        "hashed_secret": "2e9041bf170ba3b143655c9e1556df04bdd0dd81",
        "is_verified": false,
        "line_number": 350
      },
      {
        "type": "Hex High Entropy String",
        "filename": "aidd_docs\\roster\\models.json",
        "hashed_secret": "c9de38a3b6419a3ac91171a624b103dece759dd9",
        "is_verified": false,
        "line_number": 354
      },
      {
        "type": "Hex High Entropy String",
        "filename": "aidd_docs\\roster\\models.json",
        "hashed_secret": "4ee366c4dbf83db931dadf307659992cb097343d",
        "is_verified": false,
        "line_number": 430
      },
      {
        "type": "Hex High Entropy String",
        "filename": "aidd_docs\\roster\\models.json",
        "hashed_secret": "0f62771a4953c57b132f168a5e669d9364fc3f3e",
        "is_verified": false,
        "line_number": 434
      },
      {
        "type": "Hex High Entropy String",
        "filename": "aidd_docs\\roster\\models.json",
        "hashed_secret": "a0e60880cd8cf2b5833aa6415656f43912efbb4f",
        "is_verified": false,
        "line_number": 510
      },
      {
        "type": "Hex High Entropy String",
        "filename": "aidd_docs\\roster\\models.json",
        "hashed_secret": "fc941affa89c3c9dd26542fdf24afa78f6d7101d",
        "is_verified": false,
        "line_number": 514
      },
      {
        "type": "Hex High Entropy String",
        "filename": "aidd_docs\\roster\\models.json",
        "hashed_secret": "ecce553c81842088b3ffd13825ca363b72f321fe",
        "is_verified": false,
        "line_number": 590
      },
      {
        "type": "Hex High Entropy String",
        "filename": "aidd_docs\\roster\\models.json",
        "hashed_secret": "b552ffd8a9e16a12673d101491f4d2e8b11326bb",
        "is_verified": false,
        "line_number": 594
      },
      {
        "type": "Hex High Entropy String",
        "filename": "aidd_docs\\roster\\models.json",
        "hashed_secret": "68762f6472f5edec7ef6c4f27585294a8c93d7f5",
        "is_verified": false,
        "line_number": 670
      },
      {
        "type": "Hex High Entropy String",
        "filename": "aidd_docs\\roster\\models.json",
        "hashed_secret": "644ae6c3d46b448bee7cf2fa708c9735f38ab570",
        "is_verified": false,
        "line_number": 674
      }
    ],
    "aidd_docs\\tasks\\2026_10\\2026_10_04_four-billion-class\\evidence\\candidates\\granite-3.1-3b-a800m-instruct-q4km.json": [
      {
        "type": "Hex High Entropy String",
        "filename": "aidd_docs\\tasks\\2026_10\\2026_10_04_four-billion-class\\evidence\\candidates\\granite-3.1-3b-a800m-instruct-q4km.json",
        "hashed_secret": "ecce553c81842088b3ffd13825ca363b72f321fe",
        "is_verified": false,
        "line_number": 4
      }
    ],
    "aidd_docs\\tasks\\2026_10\\2026_10_04_four-billion-class\\evidence\\candidates\\ministral-3-3b-instruct-2512-q4km.json": [
      {
        "type": "Hex High Entropy String",
        "filename": "aidd_docs\\tasks\\2026_10\\2026_10_04_four-billion-class\\evidence\\candidates\\ministral-3-3b-instruct-2512-q4km.json",
        "hashed_secret": "a21b669d0cbb7bf05a8e91c6263a9fd7987a9da6",
        "is_verified": false,
        "line_number": 4
      }
    ],
    "aidd_docs\\tasks\\2026_10\\2026_10_04_four-billion-class\\evidence\\candidates\\phi-4-mini-instruct-q4km.json": [
      {
        "type": "Hex High Entropy String",
        "filename": "aidd_docs\\tasks\\2026_10\\2026_10_04_four-billion-class\\evidence\\candidates\\phi-4-mini-instruct-q4km.json",
        "hashed_secret": "9b72675c7c798b8c2f54b6892202fd5ad119f839",
        "is_verified": false,
        "line_number": 4
      }
    ],
    "aidd_docs\\tasks\\2026_10\\2026_10_04_four-billion-class\\evidence\\candidates\\phi-tiny-moe-instruct-q8.json": [
      {
        "type": "Hex High Entropy String",
        "filename": "aidd_docs\\tasks\\2026_10\\2026_10_04_four-billion-class\\evidence\\candidates\\phi-tiny-moe-instruct-q8.json",
        "hashed_secret": "0ddca4b923ecb31b5f21eb651e26e92ea28b06a7",
        "is_verified": false,
        "line_number": 4
      }
    ],
    "aidd_docs\\tasks\\2026_10\\2026_10_04_half-billion-class\\evidence\\candidates\\granite-4.0-350m-q8.json": [
      {
        "type": "Hex High Entropy String",
        "filename": "aidd_docs\\tasks\\2026_10\\2026_10_04_half-billion-class\\evidence\\candidates\\granite-4.0-350m-q8.json",
        "hashed_secret": "dba90fac34615c303137245092e5320f815658ac",
        "is_verified": false,
        "line_number": 4
      }
    ],
    "aidd_docs\\tasks\\2026_10\\2026_10_04_half-billion-class\\evidence\\candidates\\granite-4.0-h-350m-q8.json": [
      {
        "type": "Hex High Entropy String",
        "filename": "aidd_docs\\tasks\\2026_10\\2026_10_04_half-billion-class\\evidence\\candidates\\granite-4.0-h-350m-q8.json",
        "hashed_secret": "2e9041bf170ba3b143655c9e1556df04bdd0dd81",
        "is_verified": false,
        "line_number": 4
      }
    ],
    "aidd_docs\\tasks\\2026_10\\2026_10_04_half-billion-class\\evidence\\candidates\\lfm2.5-350m-q8.json": [
      {
        "type": "Hex High Entropy String",
        "filename": "aidd_docs\\tasks\\2026_10\\2026_10_04_half-billion-class\\evidence\\candidates\\lfm2.5-350m-q8.json",
        "hashed_secret": "318db8c0912b7459da636cd88e1dc7d45e0210dd",
        "is_verified": false,
        "line_number": 4
      }
    ],
    "aidd_docs\\tasks\\2026_10\\2026_10_04_local-spike-runs\\ollama-v0.35.1\\40-ps-after-warmup.json": [
      {
        "type": "Hex High Entropy String",
        "filename": "aidd_docs\\tasks\\2026_10\\2026_10_04_local-spike-runs\\ollama-v0.35.1\\40-ps-after-warmup.json",
        "hashed_secret": "adc1102071d10b1004f0ce49fb4a4e8b678f5005",
        "is_verified": false,
        "line_number": 1,
        "is_secret": false
      }
    ],
    "aidd_docs\\tasks\\2026_10\\2026_10_04_local-spike-runs\\ollama-v0.35.1\\41-ps-after-rep-1.json": [
      {
        "type": "Hex High Entropy String",
        "filename": "aidd_docs\\tasks\\2026_10\\2026_10_04_local-spike-runs\\ollama-v0.35.1\\41-ps-after-rep-1.json",
        "hashed_secret": "adc1102071d10b1004f0ce49fb4a4e8b678f5005",
        "is_verified": false,
        "line_number": 1,
        "is_secret": false
      }
    ],
    "aidd_docs\\tasks\\2026_10\\2026_10_04_local-spike-runs\\ollama-v0.35.1\\41-ps-after-rep-2.json": [
      {
        "type": "Hex High Entropy String",
        "filename": "aidd_docs\\tasks\\2026_10\\2026_10_04_local-spike-runs\\ollama-v0.35.1\\41-ps-after-rep-2.json",
        "hashed_secret": "adc1102071d10b1004f0ce49fb4a4e8b678f5005",
        "is_verified": false,
        "line_number": 1,
        "is_secret": false
      }
    ],
    "aidd_docs\\tasks\\2026_10\\2026_10_04_local-spike-runs\\ollama-v0.35.1\\41-ps-after-rep-3.json": [
      {
        "type": "Hex High Entropy String",
        "filename": "aidd_docs\\tasks\\2026_10\\2026_10_04_local-spike-runs\\ollama-v0.35.1\\41-ps-after-rep-3.json",
        "hashed_secret": "adc1102071d10b1004f0ce49fb4a4e8b678f5005",
        "is_verified": false,
        "line_number": 1,
        "is_secret": false
      }
    ],
    "aidd_docs\\tasks\\2026_10\\2026_10_04_local-spike-runs\\ollama-v0.35.1\\41-ps-after-rep-4.json": [
      {
        "type": "Hex High Entropy String",
        "filename": "aidd_docs\\tasks\\2026_10\\2026_10_04_local-spike-runs\\ollama-v0.35.1\\41-ps-after-rep-4.json",
        "hashed_secret": "adc1102071d10b1004f0ce49fb4a4e8b678f5005",
        "is_verified": false,
        "line_number": 1,
        "is_secret": false
      }
    ],
    "aidd_docs\\tasks\\2026_10\\2026_10_04_local-spike-runs\\ollama-v0.35.1\\41-ps-after-rep-5.json": [
      {
        "type": "Hex High Entropy String",
        "filename": "aidd_docs\\tasks\\2026_10\\2026_10_04_local-spike-runs\\ollama-v0.35.1\\41-ps-after-rep-5.json",
        "hashed_secret": "adc1102071d10b1004f0ce49fb4a4e8b678f5005",
        "is_verified": false,
        "line_number": 1,
        "is_secret": false
      }
    ],
    "aidd_docs\\tasks\\2026_10\\2026_10_04_local-spike-runs\\ollama-v0.35.1\\42-ps-during-second-client.json": [
      {
        "type": "Hex High Entropy String",
        "filename": "aidd_docs\\tasks\\2026_10\\2026_10_04_local-spike-runs\\ollama-v0.35.1\\42-ps-during-second-client.json",
        "hashed_secret": "adc1102071d10b1004f0ce49fb4a4e8b678f5005",
        "is_verified": false,
        "line_number": 1,
        "is_secret": false
      }
    ],
    "aidd_docs\\tasks\\2026_10\\2026_10_04_local-spike-runs\\ollama-v0.35.1\\70-ps-after-over-long.json": [
      {
        "type": "Hex High Entropy String",
        "filename": "aidd_docs\\tasks\\2026_10\\2026_10_04_local-spike-runs\\ollama-v0.35.1\\70-ps-after-over-long.json",
        "hashed_secret": "adc1102071d10b1004f0ce49fb4a4e8b678f5005",
        "is_verified": false,
        "line_number": 1,
        "is_secret": false
      }
    ],
    "aidd_docs\\tasks\\2026_10\\2026_10_04_local-spike-runs\\ollama-v0.35.1\\94-defaults-ps.json": [
      {
        "type": "Hex High Entropy String",
        "filename": "aidd_docs\\tasks\\2026_10\\2026_10_04_local-spike-runs\\ollama-v0.35.1\\94-defaults-ps.json",
        "hashed_secret": "14eda287b2b7e754bdcf8422a5aaba1199f80a4f",
        "is_verified": false,
        "line_number": 1,
        "is_secret": false
      }
    ],
    "aidd_docs\\tasks\\2026_10\\2026_10_04_top-class\\evidence\\candidates\\gemma-4-12b-it-iq4xs.json": [
      {
        "type": "Hex High Entropy String",
        "filename": "aidd_docs\\tasks\\2026_10\\2026_10_04_top-class\\evidence\\candidates\\gemma-4-12b-it-iq4xs.json",
        "hashed_secret": "68762f6472f5edec7ef6c4f27585294a8c93d7f5",
        "is_verified": false,
        "line_number": 4
      }
    ],
    "aidd_docs\\tasks\\2026_10\\2026_10_04_top-class\\evidence\\candidates\\gemma-4-26b-a4b-it-ud-iq4xs.json": [
      {
        "type": "Hex High Entropy String",
        "filename": "aidd_docs\\tasks\\2026_10\\2026_10_04_top-class\\evidence\\candidates\\gemma-4-26b-a4b-it-ud-iq4xs.json",
        "hashed_secret": "20b49c64fa9d2873f7ac996bf9c8dafa2788db95",
        "is_verified": false,
        "line_number": 4
      }
    ],
    "aidd_docs\\tasks\\2026_10\\2026_10_04_two-billion-class\\evidence\\candidates\\granite-3.1-1b-a400m-instruct-q8.json": [
      {
        "type": "Hex High Entropy String",
        "filename": "aidd_docs\\tasks\\2026_10\\2026_10_04_two-billion-class\\evidence\\candidates\\granite-3.1-1b-a400m-instruct-q8.json",
        "hashed_secret": "a0e60880cd8cf2b5833aa6415656f43912efbb4f",
        "is_verified": false,
        "line_number": 4
      }
    ],
    "aidd_docs\\tasks\\2026_10\\2026_10_04_two-billion-class\\evidence\\candidates\\granite-4.0-1b-q8.json": [
      {
        "type": "Hex High Entropy String",
        "filename": "aidd_docs\\tasks\\2026_10\\2026_10_04_two-billion-class\\evidence\\candidates\\granite-4.0-1b-q8.json",
        "hashed_secret": "0449472bb02ee12b93df156669e887657a5b51d5",
        "is_verified": false,
        "line_number": 4
      }
    ],
    "aidd_docs\\tasks\\2026_10\\2026_10_04_two-billion-class\\evidence\\candidates\\granite-4.0-h-1b-q8.json": [
      {
        "type": "Hex High Entropy String",
        "filename": "aidd_docs\\tasks\\2026_10\\2026_10_04_two-billion-class\\evidence\\candidates\\granite-4.0-h-1b-q8.json",
        "hashed_secret": "58ec4367e753d6e13842ac81fc5285a76363d0a9",
        "is_verified": false,
        "line_number": 4
      }
    ],
    "aidd_docs\\tasks\\2026_10\\2026_10_04_two-billion-class\\evidence\\candidates\\lfm2.5-1.2b-instruct-q8.json": [
      {
        "type": "Hex High Entropy String",
        "filename": "aidd_docs\\tasks\\2026_10\\2026_10_04_two-billion-class\\evidence\\candidates\\lfm2.5-1.2b-instruct-q8.json",
        "hashed_secret": "4ee366c4dbf83db931dadf307659992cb097343d",
        "is_verified": false,
        "line_number": 4
      }
    ]
  },
  "generated_at": "2026-10-04T01:51:53Z"
}
